Microsoft Windows [Version 10.0.26100.6584]
(c) Microsoft Corporation. All rights reserved.

C:\temp\yugioh-market>git add .

C:\temp\yugioh-market>git status
On branch main
Your branch is up to date with 'origin/main'.

Changes to be committed:
  (use "git restore --staged <file>..." to unstage)
        modified:   client/src/services/api.js
        modified:   server/controllers/postController.js
        modified:   server/routes/posts.js


C:\temp\yugioh-market>git add .
warning: in the working copy of 'yugiohDB.posts2.json', LF will be replaced by CRLF the next time Git touches it

C:\temp\yugioh-market>git status
On branch main
Your branch is up to date with 'origin/main'.

Changes to be committed:
  (use "git restore --staged <file>..." to unstage)
        modified:   client/src/services/api.js
        modified:   server/controllers/postController.js
        modified:   server/routes/posts.js
        new file:   yugiohDB.posts2.json


C:\temp\yugioh-market>git commit -m "Stable version Num #1"
[main f38e3a4] Stable version Num #1
 4 files changed, 5020 insertions(+), 5 deletions(-)
 create mode 100644 yugiohDB.posts2.json

C:\temp\yugioh-market>git push
Enumerating objects: 22, done.
Counting objects: 100% (22/22), done.
Delta compression using up to 8 threads
Compressing objects: 100% (10/10), done.
Writing objects: 100% (12/12), 9.70 KiB | 584.00 KiB/s, done.
Total 12 (delta 7), reused 0 (delta 0), pack-reused 0 (from 0)
remote: Resolving deltas: 100% (7/7), completed with 7 local objects.
To https://github.com/giliyablo/yugioh-market.git
   14efbf9..f38e3a4  main -> main

C:\temp\yugioh-market>git add .

C:\temp\yugioh-market>git status
On branch main
Your branch is up to date with 'origin/main'.

nothing to commit, working tree clean

C:\temp\yugioh-market>git add .
warning: in the working copy of 'client/package-lock.json', LFwill be replaced by CRLF the next time Git touches it
warning: in the working copy of 'server/package-lock.json', LFwill be replaced by CRLF the next time Git touches it

C:\temp\yugioh-market>git status
On branch main
Your branch is up to date with 'origin/main'.

Changes to be committed:
  (use "git restore --staged <file>..." to unstage)
        modified:   client/src/components/CreatePostModal.jsx
        modified:   client/src/components/Navbar.jsx
        modified:   client/src/pages/HomePage.jsx


C:\temp\yugioh-market>git commit -m "Stable version Num #2"
[main c7465e8] Stable version Num #2
 3 files changed, 200 insertions(+), 27 deletions(-)

C:\temp\yugioh-market>git push
Enumerating objects: 17, done.
Counting objects: 100% (17/17), done.
Delta compression using up to 8 threads
Compressing objects: 100% (9/9), done.
Writing objects: 100% (9/9), 3.89 KiB | 442.00 KiB/s, done.
Total 9 (delta 6), reused 0 (delta 0), pack-reused 0 (from 0)
remote: Resolving deltas: 100% (6/6), completed with 6 local objects.
To https://github.com/giliyablo/yugioh-market.git
   f38e3a4..c7465e8  main -> main

C:\temp\yugioh-market>git add .
warning: in the working copy of 'client/package-lock.json', LFwill be replaced by CRLF the next time Git touches it
warning: in the working copy of 'server/package-lock.json', LFwill be replaced by CRLF the next time Git touches it
warning: in the working copy of 'yugiohDB.posts.csv', LF will be replaced by CRLF the next time Git touches it
warning: in the working copy of 'yugiohDB.posts3.json', LF will be replaced by CRLF the next time Git touches it

C:\temp\yugioh-market>git status
On branch main
Your branch is up to date with 'origin/main'.

Changes to be committed:
  (use "git restore --staged <file>..." to unstage)
        modified:   client/src/components/Navbar.jsx
        modified:   client/src/pages/HomePage.jsx
        modified:   server/controllers/postController.js
        new file:   yugiohDB.posts.csv
        new file:   yugiohDB.posts3.json


C:\temp\yugioh-market>git commit -m "Stable version Num #3"
[main 12f7853] Stable version Num #3
 5 files changed, 6786 insertions(+), 12 deletions(-)
 create mode 100644 yugiohDB.posts.csv
 create mode 100644 yugiohDB.posts3.json

C:\temp\yugioh-market>git push
Enumerating objects: 23, done.
Counting objects: 100% (23/23), done.
Delta compression using up to 8 threads
Compressing objects: 100% (12/12), done.
Writing objects: 100% (13/13), 16.19 KiB | 1.08 MiB/s, done.
Total 13 (delta 8), reused 0 (delta 0), pack-reused 0 (from 0)
remote: Resolving deltas: 100% (8/8), completed with 8 local objects.
To https://github.com/giliyablo/yugioh-market.git
   c7465e8..12f7853  main -> main

C:\temp\yugioh-market>git add .
warning: in the working copy of 'client/package-lock.json', LFwill be replaced by CRLF the next time Git touches it
warning: in the working copy of 'server/package-lock.json', LFwill be replaced by CRLF the next time Git touches it
warning: in the working copy of 'server/package.json', LF willbe replaced by CRLF the next time Git touches it
warning: in the working copy of 'yugiohDB.posts4.json', LF will be replaced by CRLF the next time Git touches it
warning: in the working copy of 'yugiohDB.posts5.json', LF will be replaced by CRLF the next time Git touches it

C:\temp\yugioh-market>git commit -m "Stable version Num #4"
[main 8d47ad8] Stable version Num #4
 6 files changed, 13331 insertions(+), 2 deletions(-)
 create mode 100644 yugiohDB.posts4.json
 create mode 100644 yugiohDB.posts5.json

C:\temp\yugioh-market>git push
Enumerating objects: 19, done.
Counting objects: 100% (19/19), done.
Delta compression using up to 8 threads
Compressing objects: 100% (9/9), done.
Writing objects: 100% (11/11), 13.02 KiB | 1.45 MiB/s, done.
Total 11 (delta 7), reused 0 (delta 0), pack-reused 0 (from 0)
remote: Resolving deltas: 100% (7/7), completed with 6 local objects.
To https://github.com/giliyablo/yugioh-market.git
   12f7853..8d47ad8  main -> main

C:\temp\yugioh-market>git add .
warning: in the working copy of 'yugiohDB.posts5.json', LF will be replaced by CRLF the next time Git touches it

C:\temp\yugioh-market>git commit -m "Fixing links to images"
[main fc8980e] Fixing links to images
 1 file changed, 16 insertions(+), 16 deletions(-)

C:\temp\yugioh-market>git push
Enumerating objects: 5, done.
Counting objects: 100% (5/5), done.
Delta compression using up to 8 threads
Compressing objects: 100% (3/3), done.
Writing objects: 100% (3/3), 429 bytes | 429.00 KiB/s, done.
Total 3 (delta 2), reused 0 (delta 0), pack-reused 0 (from 0)
remote: Resolving deltas: 100% (2/2), completed with 2 local objects.
To https://github.com/giliyablo/yugioh-market.git
   8d47ad8..fc8980e  main -> main

C:\temp\yugioh-market>git add .

 :\temp\yugioh-market>git commit -m "Fixing links to images #2"
[main daf5a1a] Fixing links to images #2
 1 file changed, 43 insertions(+), 6 deletions(-)

C:\temp\yugioh-market>git push
Enumerating objects: 9, done.
Counting objects: 100% (9/9), done.
Delta compression using up to 8 threads
Compressing objects: 100% (4/4), done.
Writing objects: 100% (5/5), 1.31 KiB | 335.00 KiB/s, done.
Total 5 (delta 3), reused 0 (delta 0), pack-reused 0 (from 0)
remote: Resolving deltas: 100% (3/3), completed with 3 local objects.
To https://github.com/giliyablo/yugioh-market.git
   fc8980e..daf5a1a  main -> main

C:\temp\yugioh-market>git add .

 :\temp\yugioh-market>git commit -m "Fixing links to images #3"
[main 3a55e73] Fixing links to images #3
 2 files changed, 28 insertions(+), 7 deletions(-)

C:\temp\yugioh-market>git push
Enumerating objects: 17, done.
Counting objects: 100% (17/17), done.
Delta compression using up to 8 threads
Compressing objects: 100% (8/8), done.
Writing objects: 100% (9/9), 1.08 KiB | 221.00 KiB/s, done.
Total 9 (delta 6), reused 0 (delta 0), pack-reused 0 (from 0)
remote: Resolving deltas: 100% (6/6), completed with 6 local objects.
To https://github.com/giliyablo/yugioh-market.git
   daf5a1a..3a55e73  main -> main

C:\temp\yugioh-market>git add .
warning: in the working copy of 'client/package-lock.json', LFwill be replaced by CRLF the next time Git touches it

 :\temp\yugioh-market>git commit -m "Fixing links to images #5"
[main 0ee7478] Fixing links to images #5
 1 file changed, 7 insertions(+), 1 deletion(-)

C:\temp\yugioh-market>git push
Enumerating objects: 11, done.
Counting objects: 100% (11/11), done.
Delta compression using up to 8 threads
Compressing objects: 100% (6/6), done.
Writing objects: 100% (6/6), 690 bytes | 230.00 KiB/s, done.
Total 6 (delta 4), reused 0 (delta 0), pack-reused 0 (from 0)
remote: Resolving deltas: 100% (4/4), completed with 4 local objects.
To https://github.com/giliyablo/yugioh-market.git
   3a55e73..0ee7478  main -> main

C:\temp\yugioh-market>git add .
warning: in the working copy of 'yugiohDB.posts6.json', LF will be replaced by CRLF the next time Git touches it

C:\temp\yugioh-market>git commit -m "Fixing links to images #6"
[main 8e0d8b4] Fixing links to images #6
 1 file changed, 6542 insertions(+)
 create mode 100644 yugiohDB.posts6.json

C:\temp\yugioh-market>git push
Enumerating objects: 4, done.
Counting objects: 100% (4/4), done.
Delta compression using up to 8 threads
Compressing objects: 100% (3/3), done.
Writing objects: 100% (3/3), 9.04 KiB | 1.51 MiB/s, done.
Total 3 (delta 1), reused 0 (delta 0), pack-reused 0 (from 0)
remote: Resolving deltas: 100% (1/1), completed with 1 local object.
To https://github.com/giliyablo/yugioh-market.git
   0ee7478..8e0d8b4  main -> main

C:\temp\yugioh-market>git add .

C:\temp\yugioh-market>git status
On branch main
Your branch is up to date with 'origin/main'.

Changes to be committed:
  (use "git restore --staged <file>..." to unstage)
        modified:   client/src/pages/HomePage.jsx
        modified:   client/src/services/api.js
        modified:   server/controllers/postController.js
        modified:   server/routes/posts.js


C:\temp\yugioh-market>git commit -m "Stable version Num #5"
[main b9ac5ef] Stable version Num #5
 4 files changed, 100 insertions(+), 10 deletions(-)

C:\temp\yugioh-market>git push
Enumerating objects: 25, done.
Counting objects: 100% (25/25), done.
Delta compression using up to 8 threads
Compressing objects: 100% (11/11), done.
Writing objects: 100% (13/13), 2.47 KiB | 158.00 KiB/s, done.
Total 13 (delta 8), reused 0 (delta 0), pack-reused 0 (from 0)
remote: Resolving deltas: 100% (8/8), completed with 8 local objects.
To https://github.com/giliyablo/yugioh-market.git
   8e0d8b4..b9ac5ef  main -> main

C:\temp\yugioh-market>git add .

C:\temp\yugioh-market>git status
On branch main
Your branch is up to date with 'origin/main'.

nothing to commit, working tree clean

C:\temp\yugioh-market>git push
Everything up-to-date

C:\temp\yugioh-market>git commit -m "Stable version Num #6"
On branch main
Your branch is up to date with 'origin/main'.

nothing to commit, working tree clean

C:\temp\yugioh-market>git status
On branch main
Your branch is up to date with 'origin/main'.

Untracked files:
  (use "git add <file>..." to include in what will be committed)
        yugiohDB.posts7.json

nothing added to commit but untracked files present (use "git add" to track)

C:\temp\yugioh-market>git add yugiohDB.posts7.json
warning: in the working copy of 'yugiohDB.posts7.json', LF will be replaced by CRLF the next time Git touches it

C:\temp\yugioh-market>git commit -m "Stable version Num #7"
[main 955c157] Stable version Num #7
 1 file changed, 6602 insertions(+)
 create mode 100644 yugiohDB.posts7.json

C:\temp\yugioh-market>git push
Enumerating objects: 4, done.
Counting objects: 100% (4/4), done.
Delta compression using up to 8 threads
Compressing objects: 100% (3/3), done.
Writing objects: 100% (3/3), 9.33 KiB | 2.33 MiB/s, done.
Total 3 (delta 1), reused 0 (delta 0), pack-reused 0 (from 0)
remote: Resolving deltas: 100% (1/1), completed with 1 local object.
To https://github.com/giliyablo/yugioh-market.git
   b9ac5ef..955c157  main -> main

C:\temp\yugioh-market>git status
On branch main
Your branch is up to date with 'origin/main'.

nothing to commit, working tree clean

C:\temp\yugioh-market>git add .

C:\temp\yugioh-market>git commit -m "Stable version Num #8"
[main 6f4f072] Stable version Num #8
 1 file changed, 45 insertions(+), 13 deletions(-)

C:\temp\yugioh-market>git add .
warning: in the working copy of 'server/package-lock.json', LFwill be replaced by CRLF the next time Git touches it

C:\temp\yugioh-market>dir server
 Volume in drive C has no label.
 Volume Serial Number is A630-7048

 Directory of C:\temp\yugioh-market\server

09/28/2025  03:08 PM    <DIR>          .
10/06/2025  11:49 PM    <DIR>          ..
09/28/2025  04:48 PM             3,001 .env
10/07/2025  12:13 AM    <DIR>          controllers
09/28/2025  12:45 PM               444 db.js
09/28/2025  12:29 PM               418 Dockerfile
09/28/2025  04:04 PM             1,577 index.js
09/28/2025  12:52 PM    <DIR>          middleware
09/28/2025  12:45 PM    <DIR>          models
10/07/2025  01:02 AM    <DIR>          node_modules
10/07/2025  01:04 AM           159,139 package-lock.json
10/07/2025  01:04 AM               660 package.json
09/28/2025  12:53 PM    <DIR>          routes
               6 File(s)        165,239 bytes
               7 Dir(s)   2,387,689,472 bytes free

C:\temp\yugioh-market>git add server/controllers

C:\temp\yugioh-market>git status
On branch main
Your branch is ahead of 'origin/main' by 1 commit.
  (use "git push" to publish your local commits)

Changes to be committed:
  (use "git restore --staged <file>..." to unstage)
        modified:   server/controllers/postController.js

Changes not staged for commit:
  (use "git add <file>..." to update what will be committed)
  (use "git restore <file>..." to discard changes in working directory)
        modified:   server/package-lock.json
        modified:   server/package.json


C:\temp\yugioh-market>git commit -m "Stable version Num #8"
[main 91bb753] Stable version Num #8
 1 file changed, 16 insertions(+), 30 deletions(-)

C:\temp\yugioh-market>git push
Enumerating objects: 14, done.
Counting objects: 100% (14/14), done.
Delta compression using up to 8 threads
Compressing objects: 100% (8/8), done.
Writing objects: 100% (10/10), 1.65 KiB | 423.00 KiB/s, done.
Total 10 (delta 6), reused 0 (delta 0), pack-reused 0 (from 0)
remote: Resolving deltas: 100% (6/6), completed with 3 local objects.
To https://github.com/giliyablo/yugioh-market.git
   955c157..91bb753  main -> main

C:\temp\yugioh-market>git add .
warning: in the working copy of 'server/package-lock.json', LFwill be replaced by CRLF the next time Git touches it
warning: in the working copy of 'server/package.json', LF willbe replaced by CRLF the next time Git touches it
warning: in the working copy of 'yugiohDB.posts8.json', LF will be replaced by CRLF the next time Git touches it
warning: in the working copy of 'yugiohDB.posts9.json', LF will be replaced by CRLF the next time Git touches it

C:\temp\yugioh-market>git commit -m "Stable version Num #9"
[main c0f239e] Stable version Num #9
 9 files changed, 14127 insertions(+), 41 deletions(-)
 create mode 100644 yugiohDB.posts8.json
 create mode 100644 yugiohDB.posts9.json

C:\temp\yugioh-market>git push
Enumerating objects: 37, done.
Counting objects: 100% (37/37), done.
Delta compression using up to 8 threads
Compressing objects: 100% (19/19), done.
Writing objects: 100% (20/20), 21.38 KiB | 1.34 MiB/s, done.
Total 20 (delta 15), reused 0 (delta 0), pack-reused 0 (from 0)
remote: Resolving deltas: 100% (15/15), completed with 14 local objects.
To https://github.com/giliyablo/yugioh-market.git
   91bb753..c0f239e  main -> main

C:\temp\yugioh-market>
C:\temp\yugioh-market>
C:\temp\yugioh-market>
C:\temp\yugioh-market>
C:\temp\yugioh-market>
